[2026-08-20T14:33:27.376Z] dispatch: +5 rows @ 2026-08-21T00:35:00
[2026-08-20T14:33:27.513Z] predispatch: +275 forecast rows, vintage 2026-08-21T00:35:00
[2026-08-20T14:33:27.837Z] wem: +288 rows, newest 20/08/2026 07:55:00
[2026-08-20T14:33:27.839Z] run complete: 568 new rows across [dispatch, predispatch, wem]
[2026-08-20T14:33:28.081Z] dispatch: no new interval (2026-08-21T00:35:00)
[2026-08-20T14:33:28.203Z] predispatch: no new vintage (2026-08-21T00:35:00)
[2026-08-20T14:33:28.441Z] wem: no new interval (20/08/2026 07:55:00)
[2026-08-20T14:33:28.443Z] run complete: 0 new rows across [dispatch, predispatch, wem]
[2026-08-20T14:34:14.225Z] dispatch: no new interval (2026-08-21T00:35:00)
[2026-08-20T14:34:14.375Z] predispatch: no new vintage (2026-08-21T00:35:00)
[2026-08-20T14:34:14.618Z] wem: no new interval (20/08/2026 07:55:00)
[2026-08-20T14:34:14.621Z] run complete: 0 new rows across [dispatch, predispatch, wem]
[2026-08-20T14:42:19.161Z] dispatch: ERROR fetch failed
[2026-08-20T14:42:19.173Z] predispatch: ERROR fetch failed
[2026-08-20T14:42:19.183Z] wem: ERROR fetch failed
[2026-08-20T14:42:19.186Z] run complete: 0 new rows across [dispatch, predispatch, wem]
[2026-08-20T18:08:17.462Z] dispatch: ERROR fetch failed
[2026-08-20T18:08:17.481Z] predispatch: ERROR fetch failed
[2026-08-20T18:08:17.492Z] wem: ERROR fetch failed
[2026-08-20T18:08:17.495Z] run complete: 0 new rows across [dispatch, predispatch, wem]
[2026-08-21T02:30:18.891Z] dispatch: +5 rows @ 2026-08-21T12:30:00
[2026-08-21T02:30:19.112Z] predispatch: +155 forecast rows, vintage 2026-08-21T12:30:00
[2026-08-21T02:30:19.574Z] wem: +288 rows, newest 21/08/2026 07:55:00
[2026-08-21T02:30:19.580Z] run complete: 448 new rows across [dispatch, predispatch, wem]
[2026-08-21T02:34:14.785Z] dispatch: +5 rows @ 2026-08-21T12:35:00
[2026-08-21T02:34:14.946Z] predispatch: +395 forecast rows, vintage 2026-08-21T12:35:00
[2026-08-21T02:34:15.184Z] wem: no new interval (21/08/2026 07:55:00)
[2026-08-21T02:34:15.186Z] run complete: 400 new rows across [dispatch, predispatch, wem]
[2026-08-21T02:39:17.422Z] dispatch: +5 rows @ 2026-08-21T12:40:00
[2026-08-21T02:39:17.577Z] predispatch: +395 forecast rows, vintage 2026-08-21T12:40:00
[2026-08-21T02:39:17.947Z] wem: no new interval (21/08/2026 07:55:00)
[2026-08-21T02:39:17.949Z] run complete: 400 new rows across [dispatch, predispatch, wem]
[2026-08-21T02:44:14.665Z] dispatch: +5 rows @ 2026-08-21T12:45:00
[2026-08-21T02:44:14.805Z] predispatch: +395 forecast rows, vintage 2026-08-21T12:45:00
[2026-08-21T02:44:15.040Z] wem: no new interval (21/08/2026 07:55:00)
[2026-08-21T02:44:15.042Z] run complete: 400 new rows across [dispatch, predispatch, wem]
[2026-08-21T02:49:18.551Z] dispatch: +5 rows @ 2026-08-21T12:50:00
[2026-08-21T02:49:18.681Z] predispatch: +395 forecast rows, vintage 2026-08-21T12:50:00
[2026-08-21T02:49:18.948Z] wem: no new interval (21/08/2026 07:55:00)
[2026-08-21T02:49:18.949Z] run complete: 400 new rows across [dispatch, predispatch, wem]
[2026-08-21T02:54:14.198Z] dispatch: +5 rows @ 2026-08-21T12:55:00
[2026-08-21T02:54:14.339Z] predispatch: +395 forecast rows, vintage 2026-08-21T12:55:00
[2026-08-21T02:54:14.580Z] wem: no new interval (21/08/2026 07:55:00)
[2026-08-21T02:54:14.581Z] run complete: 400 new rows across [dispatch, predispatch, wem]
[2026-08-21T02:59:14.241Z] dispatch: +5 rows @ 2026-08-21T13:00:00
[2026-08-21T02:59:14.391Z] predispatch: +390 forecast rows, vintage 2026-08-21T13:00:00
[2026-08-21T02:59:14.686Z] wem: no new interval (21/08/2026 07:55:00)
[2026-08-21T02:59:14.687Z] run complete: 395 new rows across [dispatch, predispatch, wem]
[2026-08-21T03:04:14.244Z] dispatch: +5 rows @ 2026-08-21T13:05:00
[2026-08-21T03:04:14.396Z] predispatch: +390 forecast rows, vintage 2026-08-21T13:05:00
[2026-08-21T03:04:14.625Z] wem: no new interval (21/08/2026 07:55:00)
[2026-08-21T03:04:14.627Z] run complete: 395 new rows across [dispatch, predispatch, wem]
[2026-08-21T03:09:14.238Z] dispatch: +5 rows @ 2026-08-21T13:10:00
[2026-08-21T03:09:14.387Z] predispatch: +390 forecast rows, vintage 2026-08-21T13:10:00
[2026-08-21T03:09:14.623Z] wem: no new interval (21/08/2026 07:55:00)
[2026-08-21T03:09:14.624Z] run complete: 395 new rows across [dispatch, predispatch, wem]
[2026-08-21T03:14:14.229Z] dispatch: +5 rows @ 2026-08-21T13:15:00
[2026-08-21T03:14:14.569Z] predispatch: +390 forecast rows, vintage 2026-08-21T13:15:00
[2026-08-21T03:14:14.819Z] wem: no new interval (21/08/2026 07:55:00)
[2026-08-21T03:14:14.820Z] run complete: 395 new rows across [dispatch, predispatch, wem]
[2026-08-21T03:19:14.624Z] dispatch: +5 rows @ 2026-08-21T13:20:00
[2026-08-21T03:19:14.787Z] predispatch: +390 forecast rows, vintage 2026-08-21T13:20:00
[2026-08-21T03:19:15.160Z] wem: no new interval (21/08/2026 07:55:00)
[2026-08-21T03:19:15.162Z] run complete: 395 new rows across [dispatch, predispatch, wem]
[2026-08-21T03:24:14.520Z] dispatch: +5 rows @ 2026-08-21T13:25:00
[2026-08-21T03:24:14.656Z] predispatch: +390 forecast rows, vintage 2026-08-21T13:25:00
[2026-08-21T03:24:14.912Z] wem: no new interval (21/08/2026 07:55:00)
[2026-08-21T03:24:14.913Z] run complete: 395 new rows across [dispatch, predispatch, wem]
[2026-08-21T03:29:14.838Z] dispatch: +5 rows @ 2026-08-21T13:30:00
[2026-08-21T03:29:14.976Z] predispatch: +385 forecast rows, vintage 2026-08-21T13:30:00
[2026-08-21T03:29:15.219Z] wem: no new interval (21/08/2026 07:55:00)
[2026-08-21T03:29:15.221Z] run complete: 390 new rows across [dispatch, predispatch, wem]
[2026-08-21T03:34:14.275Z] dispatch: +5 rows @ 2026-08-21T13:35:00
[2026-08-21T03:34:14.413Z] predispatch: +385 forecast rows, vintage 2026-08-21T13:35:00
[2026-08-21T03:34:14.647Z] wem: no new interval (21/08/2026 07:55:00)
[2026-08-21T03:34:14.649Z] run complete: 390 new rows across [dispatch, predispatch, wem]
[2026-08-21T03:39:14.246Z] dispatch: +5 rows @ 2026-08-21T13:40:00
[2026-08-21T03:39:14.423Z] predispatch: +385 forecast rows, vintage 2026-08-21T13:40:00
[2026-08-21T03:39:14.665Z] wem: no new interval (21/08/2026 07:55:00)
[2026-08-21T03:39:14.670Z] run complete: 390 new rows across [dispatch, predispatch, wem]
[2026-08-21T03:44:14.291Z] dispatch: +5 rows @ 2026-08-21T13:45:00
[2026-08-21T03:44:14.439Z] predispatch: +385 forecast rows, vintage 2026-08-21T13:45:00
[2026-08-21T03:44:14.667Z] wem: no new interval (21/08/2026 07:55:00)
[2026-08-21T03:44:14.669Z] run complete: 390 new rows across [dispatch, predispatch, wem]
[2026-08-21T03:49:14.255Z] dispatch: +5 rows @ 2026-08-21T13:50:00
[2026-08-21T03:49:14.387Z] predispatch: +385 forecast rows, vintage 2026-08-21T13:50:00
[2026-08-21T03:49:14.653Z] wem: no new interval (21/08/2026 07:55:00)
[2026-08-21T03:49:14.654Z] run complete: 390 new rows across [dispatch, predispatch, wem]
[2026-08-21T03:54:14.291Z] dispatch: +5 rows @ 2026-08-21T13:55:00
[2026-08-21T03:54:15.273Z] predispatch: +385 forecast rows, vintage 2026-08-21T13:55:00
[2026-08-21T03:54:15.767Z] wem: no new interval (21/08/2026 07:55:00)
[2026-08-21T03:54:15.770Z] run complete: 390 new rows across [dispatch, predispatch, wem]
[2026-08-21T03:59:14.274Z] dispatch: +5 rows @ 2026-08-21T14:00:00
[2026-08-21T03:59:15.023Z] predispatch: +380 forecast rows, vintage 2026-08-21T14:00:00
[2026-08-21T03:59:15.273Z] wem: no new interval (21/08/2026 07:55:00)
[2026-08-21T03:59:15.275Z] run complete: 385 new rows across [dispatch, predispatch, wem]
[2026-08-21T04:04:14.323Z] dispatch: +5 rows @ 2026-08-21T14:05:00
[2026-08-21T04:04:14.473Z] predispatch: +380 forecast rows, vintage 2026-08-21T14:05:00
[2026-08-21T04:04:14.746Z] wem: no new interval (21/08/2026 07:55:00)
[2026-08-21T04:04:14.747Z] run complete: 385 new rows across [dispatch, predispatch, wem]
[2026-08-21T04:09:14.281Z] dispatch: +5 rows @ 2026-08-21T14:10:00
[2026-08-21T04:09:14.430Z] predispatch: +380 forecast rows, vintage 2026-08-21T14:10:00
[2026-08-21T04:09:14.729Z] wem: no new interval (21/08/2026 07:55:00)
[2026-08-21T04:09:14.732Z] run complete: 385 new rows across [dispatch, predispatch, wem]
[2026-08-21T04:14:14.270Z] dispatch: +5 rows @ 2026-08-21T14:15:00
[2026-08-21T04:14:14.429Z] predispatch: +380 forecast rows, vintage 2026-08-21T14:15:00
[2026-08-21T04:14:14.706Z] wem: no new interval (21/08/2026 07:55:00)
[2026-08-21T04:14:14.707Z] run complete: 385 new rows across [dispatch, predispatch, wem]
[2026-08-21T04:19:14.282Z] dispatch: +5 rows @ 2026-08-21T14:20:00
[2026-08-21T04:19:14.439Z] predispatch: +380 forecast rows, vintage 2026-08-21T14:20:00
[2026-08-21T04:19:14.719Z] wem: no new interval (21/08/2026 07:55:00)
[2026-08-21T04:19:14.720Z] run complete: 385 new rows across [dispatch, predispatch, wem]
[2026-08-21T04:24:14.449Z] dispatch: +5 rows @ 2026-08-21T14:25:00
[2026-08-21T04:24:14.579Z] predispatch: +380 forecast rows, vintage 2026-08-21T14:25:00
[2026-08-21T04:24:14.890Z] wem: no new interval (21/08/2026 07:55:00)
[2026-08-21T04:24:14.892Z] run complete: 385 new rows across [dispatch, predispatch, wem]
[2026-08-21T04:29:14.727Z] dispatch: +5 rows @ 2026-08-21T14:30:00
[2026-08-21T04:29:14.859Z] predispatch: +375 forecast rows, vintage 2026-08-21T14:30:00
[2026-08-21T04:29:15.145Z] wem: no new interval (21/08/2026 07:55:00)
[2026-08-21T04:29:15.147Z] run complete: 380 new rows across [dispatch, predispatch, wem]
[2026-08-21T04:34:14.274Z] dispatch: +5 rows @ 2026-08-21T14:35:00
[2026-08-21T04:34:14.410Z] predispatch: +375 forecast rows, vintage 2026-08-21T14:35:00
[2026-08-21T04:34:14.700Z] wem: no new interval (21/08/2026 07:55:00)
[2026-08-21T04:34:14.702Z] run complete: 380 new rows across [dispatch, predispatch, wem]
[2026-08-21T04:39:14.327Z] dispatch: +5 rows @ 2026-08-21T14:40:00
[2026-08-21T04:39:14.463Z] predispatch: +375 forecast rows, vintage 2026-08-21T14:40:00
[2026-08-21T04:39:14.708Z] wem: no new interval (21/08/2026 07:55:00)
[2026-08-21T04:39:14.710Z] run complete: 380 new rows across [dispatch, predispatch, wem]
[2026-08-21T04:44:14.333Z] dispatch: +5 rows @ 2026-08-21T14:45:00
[2026-08-21T04:44:14.471Z] predispatch: +375 forecast rows, vintage 2026-08-21T14:45:00
[2026-08-21T04:44:14.747Z] wem: no new interval (21/08/2026 07:55:00)
[2026-08-21T04:44:14.750Z] run complete: 380 new rows across [dispatch, predispatch, wem]
[2026-08-21T04:49:14.799Z] dispatch: +5 rows @ 2026-08-21T14:50:00
[2026-08-21T04:49:14.919Z] predispatch: +375 forecast rows, vintage 2026-08-21T14:50:00
[2026-08-21T04:49:15.215Z] wem: no new interval (21/08/2026 07:55:00)
[2026-08-21T04:49:15.217Z] run complete: 380 new rows across [dispatch, predispatch, wem]
[2026-08-21T04:54:14.338Z] dispatch: +5 rows @ 2026-08-21T14:55:00
[2026-08-21T04:54:14.465Z] predispatch: +375 forecast rows, vintage 2026-08-21T14:55:00
[2026-08-21T04:54:14.756Z] wem: no new interval (21/08/2026 07:55:00)
[2026-08-21T04:54:14.758Z] run complete: 380 new rows across [dispatch, predispatch, wem]
[2026-08-21T04:59:14.372Z] dispatch: +5 rows @ 2026-08-21T15:00:00
[2026-08-21T04:59:14.497Z] predispatch: +370 forecast rows, vintage 2026-08-21T15:00:00
[2026-08-21T04:59:14.719Z] wem: no new interval (21/08/2026 07:55:00)
[2026-08-21T04:59:14.720Z] run complete: 375 new rows across [dispatch, predispatch, wem]
[2026-08-21T05:04:14.346Z] dispatch: +5 rows @ 2026-08-21T15:05:00
[2026-08-21T05:04:14.479Z] predispatch: +370 forecast rows, vintage 2026-08-21T15:05:00
[2026-08-21T05:04:14.745Z] wem: no new interval (21/08/2026 07:55:00)
[2026-08-21T05:04:14.746Z] run complete: 375 new rows across [dispatch, predispatch, wem]
[2026-08-21T05:09:14.345Z] dispatch: +5 rows @ 2026-08-21T15:10:00
[2026-08-21T05:09:14.477Z] predispatch: +370 forecast rows, vintage 2026-08-21T15:10:00
[2026-08-21T05:09:14.767Z] wem: no new interval (21/08/2026 07:55:00)
[2026-08-21T05:09:14.769Z] run complete: 375 new rows across [dispatch, predispatch, wem]
[2026-08-21T05:14:14.369Z] dispatch: +5 rows @ 2026-08-21T15:15:00
[2026-08-21T05:14:14.495Z] predispatch: +370 forecast rows, vintage 2026-08-21T15:15:00
[2026-08-21T05:14:14.760Z] wem: no new interval (21/08/2026 07:55:00)
[2026-08-21T05:14:14.762Z] run complete: 375 new rows across [dispatch, predispatch, wem]
[2026-08-21T05:19:14.387Z] dispatch: +5 rows @ 2026-08-21T15:20:00
[2026-08-21T05:19:14.507Z] predispatch: +370 forecast rows, vintage 2026-08-21T15:20:00
[2026-08-21T05:19:15.129Z] wem: no new interval (21/08/2026 07:55:00)
[2026-08-21T05:19:15.131Z] run complete: 375 new rows across [dispatch, predispatch, wem]
[2026-08-21T05:24:14.395Z] dispatch: +5 rows @ 2026-08-21T15:25:00
[2026-08-21T05:24:14.513Z] predispatch: +370 forecast rows, vintage 2026-08-21T15:25:00
[2026-08-21T05:24:14.755Z] wem: no new interval (21/08/2026 07:55:00)
[2026-08-21T05:24:14.758Z] run complete: 375 new rows across [dispatch, predispatch, wem]
[2026-08-21T05:29:14.458Z] dispatch: +5 rows @ 2026-08-21T15:30:00
[2026-08-21T05:29:14.622Z] predispatch: +365 forecast rows, vintage 2026-08-21T15:30:00
[2026-08-21T05:29:14.875Z] wem: no new interval (21/08/2026 07:55:00)
[2026-08-21T05:29:14.877Z] run complete: 370 new rows across [dispatch, predispatch, wem]
[2026-08-21T05:34:14.690Z] dispatch: +5 rows @ 2026-08-21T15:35:00
[2026-08-21T05:34:14.818Z] predispatch: +365 forecast rows, vintage 2026-08-21T15:35:00
[2026-08-21T05:34:15.101Z] wem: no new interval (21/08/2026 07:55:00)
[2026-08-21T05:34:15.103Z] run complete: 370 new rows across [dispatch, predispatch, wem]
[2026-08-21T05:39:14.405Z] dispatch: +5 rows @ 2026-08-21T15:40:00
[2026-08-21T05:39:14.535Z] predispatch: +365 forecast rows, vintage 2026-08-21T15:40:00
[2026-08-21T05:39:14.775Z] wem: no new interval (21/08/2026 07:55:00)
[2026-08-21T05:39:14.777Z] run complete: 370 new rows across [dispatch, predispatch, wem]
[2026-08-21T05:44:14.455Z] dispatch: +5 rows @ 2026-08-21T15:45:00
[2026-08-21T05:44:14.581Z] predispatch: +365 forecast rows, vintage 2026-08-21T15:45:00
[2026-08-21T05:44:14.805Z] wem: no new interval (21/08/2026 07:55:00)
[2026-08-21T05:44:14.807Z] run complete: 370 new rows across [dispatch, predispatch, wem]
[2026-08-21T05:49:14.473Z] dispatch: +5 rows @ 2026-08-21T15:50:00
[2026-08-21T05:49:14.600Z] predispatch: +365 forecast rows, vintage 2026-08-21T15:50:00
[2026-08-21T05:49:14.835Z] wem: no new interval (21/08/2026 07:55:00)
[2026-08-21T05:49:14.836Z] run complete: 370 new rows across [dispatch, predispatch, wem]
[2026-08-21T05:54:14.471Z] dispatch: +5 rows @ 2026-08-21T15:55:00
[2026-08-21T05:54:14.605Z] predispatch: +365 forecast rows, vintage 2026-08-21T15:55:00
[2026-08-21T05:54:14.844Z] wem: no new interval (21/08/2026 07:55:00)
[2026-08-21T05:54:14.846Z] run complete: 370 new rows across [dispatch, predispatch, wem]
[2026-08-21T05:59:14.456Z] dispatch: +5 rows @ 2026-08-21T16:00:00
[2026-08-21T05:59:14.582Z] predispatch: +360 forecast rows, vintage 2026-08-21T16:00:00
[2026-08-21T05:59:14.863Z] wem: no new interval (21/08/2026 07:55:00)
[2026-08-21T05:59:14.865Z] run complete: 365 new rows across [dispatch, predispatch, wem]
[2026-08-21T06:04:14.480Z] dispatch: +5 rows @ 2026-08-21T16:05:00
[2026-08-21T06:04:14.614Z] predispatch: +0 forecast rows, vintage 2026-08-21T16:05:00
[2026-08-21T06:04:14.859Z] wem: no new interval (21/08/2026 07:55:00)
[2026-08-21T06:04:14.860Z] run complete: 5 new rows across [dispatch, predispatch, wem]
[2026-08-21T06:09:14.584Z] dispatch: +5 rows @ 2026-08-21T16:10:00
[2026-08-21T06:09:14.705Z] predispatch: +360 forecast rows, vintage 2026-08-21T16:10:00
[2026-08-21T06:09:15.021Z] wem: no new interval (21/08/2026 07:55:00)
[2026-08-21T06:09:15.022Z] run complete: 365 new rows across [dispatch, predispatch, wem]
[2026-08-21T06:14:14.461Z] dispatch: +5 rows @ 2026-08-21T16:15:00
[2026-08-21T06:14:14.580Z] predispatch: +360 forecast rows, vintage 2026-08-21T16:15:00
[2026-08-21T06:14:14.813Z] wem: no new interval (21/08/2026 07:55:00)
[2026-08-21T06:14:14.815Z] run complete: 365 new rows across [dispatch, predispatch, wem]
[2026-08-21T06:19:14.510Z] dispatch: +5 rows @ 2026-08-21T16:20:00
[2026-08-21T06:19:14.632Z] predispatch: +360 forecast rows, vintage 2026-08-21T16:20:00
[2026-08-21T06:19:14.874Z] wem: no new interval (21/08/2026 07:55:00)
[2026-08-21T06:19:14.878Z] run complete: 365 new rows across [dispatch, predispatch, wem]
[2026-08-21T06:24:14.489Z] dispatch: +5 rows @ 2026-08-21T16:25:00
[2026-08-21T06:24:14.644Z] predispatch: +360 forecast rows, vintage 2026-08-21T16:25:00
[2026-08-21T06:24:14.919Z] wem: no new interval (21/08/2026 07:55:00)
[2026-08-21T06:24:14.920Z] run complete: 365 new rows across [dispatch, predispatch, wem]
[2026-08-21T06:29:14.505Z] dispatch: +5 rows @ 2026-08-21T16:30:00
[2026-08-21T06:29:14.646Z] predispatch: +355 forecast rows, vintage 2026-08-21T16:30:00
[2026-08-21T06:29:14.896Z] wem: no new interval (21/08/2026 07:55:00)
[2026-08-21T06:29:14.897Z] run complete: 360 new rows across [dispatch, predispatch, wem]
[2026-08-21T06:34:14.493Z] dispatch: +5 rows @ 2026-08-21T16:35:00
[2026-08-21T06:34:14.622Z] predispatch: +0 forecast rows, vintage 2026-08-21T16:35:00
[2026-08-21T06:34:14.882Z] wem: no new interval (21/08/2026 07:55:00)
[2026-08-21T06:34:14.890Z] run complete: 5 new rows across [dispatch, predispatch, wem]
[2026-08-21T06:39:14.502Z] dispatch: +5 rows @ 2026-08-21T16:40:00
[2026-08-21T06:39:14.646Z] predispatch: +355 forecast rows, vintage 2026-08-21T16:40:00
[2026-08-21T06:39:14.928Z] wem: no new interval (21/08/2026 07:55:00)
[2026-08-21T06:39:14.930Z] run complete: 360 new rows across [dispatch, predispatch, wem]
[2026-08-21T06:44:14.489Z] dispatch: +5 rows @ 2026-08-21T16:45:00
[2026-08-21T06:44:14.612Z] predispatch: +355 forecast rows, vintage 2026-08-21T16:45:00
[2026-08-21T06:44:14.869Z] wem: no new interval (21/08/2026 07:55:00)
[2026-08-21T06:44:14.871Z] run complete: 360 new rows across [dispatch, predispatch, wem]
[2026-08-21T06:49:14.514Z] dispatch: +5 rows @ 2026-08-21T16:50:00
[2026-08-21T06:49:14.641Z] predispatch: +355 forecast rows, vintage 2026-08-21T16:50:00
[2026-08-21T06:49:14.907Z] wem: no new interval (21/08/2026 07:55:00)
[2026-08-21T06:49:14.909Z] run complete: 360 new rows across [dispatch, predispatch, wem]
[2026-08-21T06:54:14.520Z] dispatch: +5 rows @ 2026-08-21T16:55:00
[2026-08-21T06:54:14.650Z] predispatch: +355 forecast rows, vintage 2026-08-21T16:55:00
[2026-08-21T06:54:14.871Z] wem: no new interval (21/08/2026 07:55:00)
[2026-08-21T06:54:14.873Z] run complete: 360 new rows across [dispatch, predispatch, wem]
[2026-08-21T06:59:14.897Z] dispatch: +5 rows @ 2026-08-21T17:00:00
[2026-08-21T06:59:15.028Z] predispatch: +350 forecast rows, vintage 2026-08-21T17:00:00
[2026-08-21T06:59:15.315Z] wem: no new interval (21/08/2026 07:55:00)
[2026-08-21T06:59:15.319Z] run complete: 355 new rows across [dispatch, predispatch, wem]
[2026-08-21T07:04:14.890Z] dispatch: +5 rows @ 2026-08-21T17:05:00
[2026-08-21T07:04:15.058Z] predispatch: +350 forecast rows, vintage 2026-08-21T17:05:00
[2026-08-21T07:04:15.308Z] wem: no new interval (21/08/2026 07:55:00)
[2026-08-21T07:04:15.311Z] run complete: 355 new rows across [dispatch, predispatch, wem]
[2026-08-21T07:09:15.674Z] dispatch: +5 rows @ 2026-08-21T17:10:00
[2026-08-21T07:09:15.806Z] predispatch: +350 forecast rows, vintage 2026-08-21T17:10:00
[2026-08-21T07:09:16.119Z] wem: no new interval (21/08/2026 07:55:00)
[2026-08-21T07:09:16.122Z] run complete: 355 new rows across [dispatch, predispatch, wem]
[2026-08-21T07:14:15.189Z] dispatch: +5 rows @ 2026-08-21T17:15:00
[2026-08-21T07:14:15.338Z] predispatch: +350 forecast rows, vintage 2026-08-21T17:15:00
[2026-08-21T07:14:15.643Z] wem: no new interval (21/08/2026 07:55:00)
[2026-08-21T07:14:15.665Z] run complete: 355 new rows across [dispatch, predispatch, wem]
[2026-08-21T07:19:15.661Z] dispatch: +5 rows @ 2026-08-21T17:20:00
[2026-08-21T07:19:15.796Z] predispatch: +350 forecast rows, vintage 2026-08-21T17:20:00
[2026-08-21T07:19:16.066Z] wem: no new interval (21/08/2026 07:55:00)
[2026-08-21T07:19:16.069Z] run complete: 355 new rows across [dispatch, predispatch, wem]
[2026-08-21T13:03:16.582Z] dispatch: +5 rows @ 2026-08-21T23:05:00
[2026-08-21T13:03:17.080Z] predispatch: +290 forecast rows, vintage 2026-08-21T23:05:00
[2026-08-21T13:03:17.702Z] wem: no new interval (21/08/2026 07:55:00)
[2026-08-21T13:03:17.728Z] run complete: 295 new rows across [dispatch, predispatch, wem]
[2026-08-22T01:44:33.217Z] dispatch: +5 rows @ 2026-08-22T11:45:00
[2026-08-22T01:44:33.985Z] predispatch: +165 forecast rows, vintage 2026-08-22T11:45:00
[2026-08-22T01:44:34.413Z] wem: +288 rows, newest 22/08/2026 07:55:00
[2026-08-22T01:44:34.426Z] run complete: 458 new rows across [dispatch, predispatch, wem]
[2026-08-22T01:49:24.826Z] dispatch: +5 rows @ 2026-08-22T11:50:00
[2026-08-22T01:49:25.677Z] predispatch: +165 forecast rows, vintage 2026-08-22T11:50:00
[2026-08-22T01:49:25.998Z] wem: no new interval (22/08/2026 07:55:00)
[2026-08-22T01:49:26.006Z] run complete: 170 new rows across [dispatch, predispatch, wem]
[2026-08-22T01:54:17.182Z] dispatch: +5 rows @ 2026-08-22T11:55:00
[2026-08-22T01:54:17.346Z] predispatch: +165 forecast rows, vintage 2026-08-22T11:55:00
[2026-08-22T01:54:17.641Z] wem: no new interval (22/08/2026 07:55:00)
[2026-08-22T01:54:17.647Z] run complete: 170 new rows across [dispatch, predispatch, wem]
[2026-08-22T01:59:17.075Z] dispatch: +5 rows @ 2026-08-22T12:00:00
[2026-08-22T01:59:17.241Z] predispatch: +160 forecast rows, vintage 2026-08-22T12:00:00
[2026-08-22T01:59:17.565Z] wem: no new interval (22/08/2026 07:55:00)
[2026-08-22T01:59:17.571Z] run complete: 165 new rows across [dispatch, predispatch, wem]
[2026-08-22T02:04:17.254Z] dispatch: +5 rows @ 2026-08-22T12:05:00
[2026-08-22T02:04:17.426Z] predispatch: +160 forecast rows, vintage 2026-08-22T12:05:00
[2026-08-22T02:04:17.755Z] wem: no new interval (22/08/2026 07:55:00)
[2026-08-22T02:04:17.765Z] run complete: 165 new rows across [dispatch, predispatch, wem]
[2026-08-22T02:09:16.761Z] dispatch: +5 rows @ 2026-08-22T12:10:00
[2026-08-22T02:09:16.917Z] predispatch: +160 forecast rows, vintage 2026-08-22T12:10:00
[2026-08-22T02:09:17.184Z] wem: no new interval (22/08/2026 07:55:00)
[2026-08-22T02:09:17.189Z] run complete: 165 new rows across [dispatch, predispatch, wem]
[2026-08-22T02:14:17.406Z] dispatch: +5 rows @ 2026-08-22T12:15:00
[2026-08-22T02:14:17.597Z] predispatch: +160 forecast rows, vintage 2026-08-22T12:15:00
[2026-08-22T02:14:18.011Z] wem: no new interval (22/08/2026 07:55:00)
[2026-08-22T02:14:18.017Z] run complete: 165 new rows across [dispatch, predispatch, wem]
[2026-08-22T08:44:16.046Z] dispatch: +5 rows @ 2026-08-22T18:45:00
[2026-08-22T08:44:16.293Z] predispatch: +335 forecast rows, vintage 2026-08-22T18:45:00
[2026-08-22T08:44:16.637Z] wem: no new interval (22/08/2026 07:55:00)
[2026-08-22T08:44:16.695Z] run complete: 340 new rows across [dispatch, predispatch, wem]
[2026-08-22T08:49:15.261Z] dispatch: +5 rows @ 2026-08-22T18:50:00
[2026-08-22T08:49:15.425Z] predispatch: +335 forecast rows, vintage 2026-08-22T18:50:00
[2026-08-22T08:49:15.727Z] wem: no new interval (22/08/2026 07:55:00)
[2026-08-22T08:49:15.733Z] run complete: 340 new rows across [dispatch, predispatch, wem]
[2026-08-22T08:59:17.194Z] dispatch: +5 rows @ 2026-08-22T19:00:00
[2026-08-22T08:59:17.393Z] predispatch: +330 forecast rows, vintage 2026-08-22T19:00:00
[2026-08-22T08:59:17.712Z] wem: no new interval (22/08/2026 07:55:00)
[2026-08-22T08:59:17.717Z] run complete: 335 new rows across [dispatch, predispatch, wem]
[2026-08-23T11:18:49.150Z] dispatch: +5 rows, +12 interconnector rows @ 2026-08-23T21:20:00
[2026-08-23T11:18:49.303Z] predispatch: +310 forecast rows, vintage 2026-08-23T21:20:00
[2026-08-23T11:18:49.635Z] wem: +288 rows, newest 23/08/2026 07:55:00
[2026-08-23T11:18:49.643Z] run complete: 615 new rows across [dispatch, predispatch, wem]
[2026-08-23T11:19:56.057Z] dispatch: no new interval (2026-08-23T21:20:00)
[2026-08-23T11:19:56.065Z] run complete: 0 new rows across [dispatch]
[2026-08-23T23:40:54.030Z] rooftop_actual: +30 rows from 6 file(s)
[2026-08-23T23:40:54.739Z] rooftop_forecast: +1865 rows, vintage 2026/08/24 09:30:00
[2026-08-23T23:40:54.741Z] run complete: 1895 new rows across [rooftop_actual, rooftop_forecast]
[2026-08-23T23:41:18.395Z] rooftop_actual: +60 rows from 12 file(s)
[2026-08-23T23:41:18.399Z] run complete: 60 new rows across [rooftop_actual]
[2026-08-23T23:49:33.141Z] predispatch: +1440 backfilled 5-min actual rows
[2026-08-23T23:49:33.142Z] predispatch: +185 forecast rows, vintage 2026-08-24T09:50:00
[2026-08-23T23:49:33.143Z] run complete: 185 new rows across [predispatch]
[2026-08-23T23:56:39.188Z] dispatch: +5 rows, +12 interconnector rows @ 2026-08-24T10:00:00
[2026-08-23T23:57:09.191Z] predispatch: ERROR This operation was aborted
[2026-08-23T23:57:10.628Z] wem: no new interval (23/08/2026 07:55:00)
[2026-08-23T23:57:11.395Z] rooftop_actual SATELLITE: no new file
[2026-08-23T23:57:11.612Z] rooftop_actual MEASUREMENT: no new file
[2026-08-23T23:57:11.612Z] rooftop_actual: +0 rows from 0 file(s)
[2026-08-23T23:57:12.242Z] rooftop_forecast: no new vintage (PUBLIC_ROOFTOP_PV_FORECAST_20260824093000_0000000534188877.zip)
[2026-08-23T23:57:12.243Z] run complete: 17 new rows across [dispatch, predispatch, wem, rooftop_actual, rooftop_forecast]
